BL51 BANKED LINKER/LOCATER V6.22                                                        05/27/2020  22:03:02  PAGE 1


BL51 BANKED LINKER/LOCATER V6.22, INVOKED BY:
C:\KEIL_V5\C51\BIN\BL51.EXE .\Objects\STARTUP.obj, .\Objects\CompositeKM.obj, .\Objects\Debug.obj, .\Objects\UART1.obj, 
>> .\Objects\Timer.obj, .\Objects\scanKey.obj, .\Objects\GPIO.obj, .\Objects\main.obj TO .\Objects\XS40_CH552T PRINT (.\
>> Listings\XS40_CH552T.m51) RAMSIZE (256)


MEMORY MODEL: SMALL


INPUT MODULES INCLUDED:
  .\Objects\STARTUP.obj (?C_STARTUP)
  .\Objects\CompositeKM.obj (COMPOSITEKM)
  .\Objects\Debug.obj (DEBUG)
  .\Objects\UART1.obj (UART1)
  .\Objects\Timer.obj (TIMER)
  .\Objects\scanKey.obj (SCANKEY)
  .\Objects\GPIO.obj (GPIO)
  .\Objects\main.obj (MAIN)
  C:\KEIL_V5\C51\LIB\C51S.LIB (?C_INIT)
  C:\KEIL_V5\C51\LIB\C51S.LIB (?C?COPY)
  C:\KEIL_V5\C51\LIB\C51S.LIB (?C?ULDIV)
  C:\KEIL_V5\C51\LIB\C51S.LIB (PRINTF)
  C:\KEIL_V5\C51\LIB\C51S.LIB (?C?MEMCMP)
  C:\KEIL_V5\C51\LIB\C51S.LIB (?C?CLDPTR)
  C:\KEIL_V5\C51\LIB\C51S.LIB (?C?CLDOPTR)
  C:\KEIL_V5\C51\LIB\C51S.LIB (?C?CSTPTR)
  C:\KEIL_V5\C51\LIB\C51S.LIB (?C?PLDIIDATA)
  C:\KEIL_V5\C51\LIB\C51S.LIB (?C?CCASE)
  C:\KEIL_V5\C51\LIB\C51S.LIB (PUTCHAR)


LINK MAP OF MODULE:  .\Objects\XS40_CH552T (?C_STARTUP)


            TYPE    BASE      LENGTH    RELOCATION   SEGMENT NAME
            -----------------------------------------------------

            * * * * * * *   D A T A   M E M O R Y   * * * * * * *
            REG     0000H     0008H     ABSOLUTE     "REG BANK 0"
            REG     0008H     0008H     ABSOLUTE     "REG BANK 1"
            DATA    0010H     0005H     UNIT         ?DT?MINITSTDIO?DEBUG
                    0015H     000BH                  *** GAP ***
            BIT     0020H.0   0001H.1   UNIT         _BIT_GROUP_
                    0021H.1   0000H.7                *** GAP ***
            DATA    0022H     001DH     UNIT         ?DT?COMPOSITEKM
            DATA    003FH     0015H     UNIT         _DATA_GROUP_
            DATA    0054H     0011H     UNIT         ?DT?SCANKEY
            IDATA   0065H     0001H     UNIT         ?STACK

            * * * * * * *  X D A T A   M E M O R Y  * * * * * * *
            XDATA   0000H     000AH     ABSOLUTE     
            XDATA   000AH     0042H     ABSOLUTE     
                    004CH     0004H                  *** GAP ***
            XDATA   0050H     0042H     ABSOLUTE     
            XDATA   0092H     0012H     UNIT         ?XD?SCANKEY

            * * * * * * *   C O D E   M E M O R Y   * * * * * * *
            CODE    0000H     0003H     ABSOLUTE     
BL51 BANKED LINKER/LOCATER V6.22                                                      05/27/2020  22:03:02  PAGE 2


            CODE    0003H     0008H     UNIT         ?PR?UART1RCVBYTE?UART1
            CODE    000BH     0003H     ABSOLUTE     
            CODE    000EH     0034H     UNIT         ?PR?MAIN?MAIN
                    0042H     0001H                  *** GAP ***
            CODE    0043H     0003H     ABSOLUTE     
            CODE    0046H     001AH     UNIT         ?PR?ENP1INTIN?COMPOSITEKM
                    0060H     0003H                  *** GAP ***
            CODE    0063H     0003H     ABSOLUTE     
            CODE    0066H     03FCH     UNIT         ?C?LIB_CODE
            CODE    0462H     035CH     UNIT         ?PR?PRINTF?PRINTF
            CODE    07BEH     0311H     UNIT         ?PR?DEVICEINTERRUPT?COMPOSITEKM
            CODE    0ACFH     01FEH     UNIT         ?PR?MAKEHIDFRAMES00?SCANKEY
            CODE    0CCDH     01C3H     UNIT         ?PR?MAKEHIDFRAMES?SCANKEY
            CODE    0E90H     00BFH     UNIT         ?CO?COMPOSITEKM
            CODE    0F4FH     008EH     UNIT         ?PR?SCANKEYCHANGE?SCANKEY
            CODE    0FDDH     008CH     UNIT         ?C_C51STARTUP
            CODE    1069H     0074H     UNIT         ?PR?MINITSTDIO?DEBUG
            CODE    10DDH     0059H     UNIT         ?PR?_PORT1CFG?GPIO
            CODE    1136H     0059H     UNIT         ?PR?_PORT3CFG?GPIO
            CODE    118FH     004EH     UNIT         ?PR?USBDEVICEINIT?COMPOSITEKM
            CODE    11DDH     0038H     UNIT         ?PR?INITGPIO?SCANKEY
            CODE    1215H     0036H     UNIT         ?C_INITSEG
            CODE    124BH     0032H     UNIT         ?PR?_MTIMER_X_SETDATA?TIMER
            CODE    127DH     002EH     UNIT         ?PR?_MTIMER_X_MODINIT?TIMER
            CODE    12ABH     002AH     UNIT         ?PR?GPIOINTERRUPT?GPIO
            CODE    12D5H     0027H     UNIT         ?PR?PUTCHAR?PUTCHAR
            CODE    12FCH     0024H     UNIT         ?PR?MTIMER0INTERRUPT?TIMER
            CODE    1320H     001AH     UNIT         ?PR?ENP2INTIN?COMPOSITEKM
            CODE    133AH     0018H     UNIT         ?PR?_SENDKEYHID?COMPOSITEKM
            CODE    1352H     0018H     UNIT         ?PR?_CAP1INIT?TIMER
            CODE    136AH     0017H     UNIT         ?PR?_MDELAYMS?DEBUG
            CODE    1381H     0013H     UNIT         ?CO?GPIO
            CODE    1394H     0012H     UNIT         ?PR?CFGFSYS?DEBUG
            CODE    13A6H     0012H     UNIT         ?PR?_CAP2INIT?TIMER
            CODE    13B8H     000EH     UNIT         ?PR?_MDELAYUS?DEBUG
            CODE    13C6H     000CH     UNIT         ?PR?UART1INIT?UART1
            CODE    13D2H     0009H     UNIT         ?PR?GPIOINTERRUPTCFG?GPIO
            CODE    13DBH     0008H     UNIT         ?PR?_UART1SENDBYTE?UART1



OVERLAY MAP OF MODULE:   .\Objects\XS40_CH552T (?C_STARTUP)


SEGMENT                                    BIT_GROUP          DATA_GROUP 
  +--> CALLED SEGMENT                   START    LENGTH     START    LENGTH
---------------------------------------------------------------------------
?C_C51STARTUP                           -----    -----      -----    -----
  +--> ?PR?MAIN?MAIN
  +--> ?C_INITSEG

?PR?MAIN?MAIN                           -----    -----      -----    -----
  +--> ?PR?CFGFSYS?DEBUG
  +--> ?PR?_MDELAYMS?DEBUG
  +--> ?PR?INITGPIO?SCANKEY
  +--> ?PR?_MTIMER_X_MODINIT?TIMER
  +--> ?PR?_MTIMER_X_SETDATA?TIMER
BL51 BANKED LINKER/LOCATER V6.22                                                      05/27/2020  22:03:02  PAGE 3


  +--> ?PR?USBDEVICEINIT?COMPOSITEKM

?PR?_MDELAYMS?DEBUG                     -----    -----      -----    -----
  +--> ?PR?_MDELAYUS?DEBUG

?PR?INITGPIO?SCANKEY                    -----    -----      -----    -----
  +--> ?PR?_PORT1CFG?GPIO
  +--> ?PR?_PORT3CFG?GPIO

*** NEW ROOT ***************************************************

?PR?DEVICEINTERRUPT?COMPOSITEKM         -----    -----      003FH    0001H
  +--> ?CO?COMPOSITEKM

*** NEW ROOT ***************************************************

?PR?MTIMER0INTERRUPT?TIMER              -----    -----      -----    -----
  +--> ?PR?_MTIMER_X_SETDATA?TIMER
  +--> ?PR?SCANKEYCHANGE?SCANKEY

?PR?SCANKEYCHANGE?SCANKEY               -----    -----      -----    -----
  +--> ?PR?MAKEHIDFRAMES?SCANKEY

?PR?MAKEHIDFRAMES?SCANKEY               -----    -----      -----    -----
  +--> ?PR?_SENDKEYHID?COMPOSITEKM

?PR?_SENDKEYHID?COMPOSITEKM             -----    -----      -----    -----
  +--> ?PR?ENP1INTIN?COMPOSITEKM

*** NEW ROOT ***************************************************

?PR?GPIOINTERRUPT?GPIO                  -----    -----      -----    -----
  +--> ?CO?GPIO
  +--> ?PR?PRINTF?PRINTF

?PR?PRINTF?PRINTF                       0020H.0  0001H.1    0040H    0014H
  +--> ?PR?PUTCHAR?PUTCHAR



SYMBOL TABLE OF MODULE:  .\Objects\XS40_CH552T (?C_STARTUP)

  VALUE           TYPE          NAME
  ----------------------------------

  -------         MODULE        ?C_STARTUP
  C:0FDDH         SEGMENT       ?C_C51STARTUP
  I:0065H         SEGMENT       ?STACK
  C:0000H         PUBLIC        ?C_STARTUP
  D:00E0H         SYMBOL        ACC
  D:00F0H         SYMBOL        B
  D:0083H         SYMBOL        DPH
  D:0082H         SYMBOL        DPL
  N:0000H         SYMBOL        IBPSTACK
  N:0100H         SYMBOL        IBPSTACKTOP
  N:0080H         SYMBOL        IDATALEN
  C:0FE0H         SYMBOL        IDATALOOP
BL51 BANKED LINKER/LOCATER V6.22                                                      05/27/2020  22:03:02  PAGE 4


  N:0000H         SYMBOL        PBPSTACK
  N:0100H         SYMBOL        PBPSTACKTOP
  N:0000H         SYMBOL        PDATALEN
  N:0000H         SYMBOL        PDATASTART
  N:0000H         SYMBOL        PPAGE
  N:0000H         SYMBOL        PPAGEENABLE
  D:00A0H         SYMBOL        PPAGE_SFR
  D:0081H         SYMBOL        SP
  C:0FDDH         SYMBOL        STARTUP1
  N:0000H         SYMBOL        XBPSTACK
  N:0000H         SYMBOL        XBPSTACKTOP
  N:0000H         SYMBOL        XDATALEN
  N:0000H         SYMBOL        XDATASTART
  C:0000H         LINE#         126
  C:0FDDH         LINE#         133
  C:0FDFH         LINE#         134
  C:0FE0H         LINE#         135
  C:0FE1H         LINE#         136
  C:0FE3H         LINE#         185
  C:0FE6H         LINE#         196
  -------         ENDMOD        ?C_STARTUP

  -------         MODULE        COMPOSITEKM
  C:0000H         SYMBOL        _ICE_DUMMY_
  D:0022H         PUBLIC        HIDKey
  D:0090H         PUBLIC        P1
  D:00E2H         PUBLIC        USB_CTRL
  D:00B0H         PUBLIC        P3
  D:002AH         PUBLIC        UsbConfig
  B:00D8H.0       PUBLIC        UIF_BUS_RST
  D:002BH         PUBLIC        Count
  D:00E8H         PUBLIC        IE_EX
  D:00A8H         PUBLIC        IE
  D:00DDH         PUBLIC        UEP0_T_LEN
  D:00E3H         PUBLIC        USB_DEV_AD
  D:00D3H         PUBLIC        UEP1_T_LEN
  D:00D5H         PUBLIC        UEP2_T_LEN
  C:0EA2H         PUBLIC        CfgDesc
  D:00B8H         PUBLIC        IP
  D:002CH         PUBLIC        FLAG
  C:0E90H         PUBLIC        DevDesc
  D:00D8H         PUBLIC        USB_INT_FG
  C:07BEH         PUBLIC        DeviceInterrupt
  D:00E1H         PUBLIC        USB_INT_EN
  C:133AH         PUBLIC        _sendKeyHID
  B:00D8H.1       PUBLIC        UIF_TRANSFER
  D:00DCH         PUBLIC        UEP0_CTRL
  D:00D2H         PUBLIC        UEP1_CTRL
  D:00D4H         PUBLIC        UEP2_CTRL
  D:0098H         PUBLIC        SCON
  D:002DH         PUBLIC        SetupLen
  D:0088H         PUBLIC        TCON
  D:00DBH         PUBLIC        USB_RX_LEN
  C:0F1BH         PUBLIC        MouseRepDesc
  C:0046H         PUBLIC        Enp1IntIn
  D:00F8H         PUBLIC        SPI0_STAT
  C:1320H         PUBLIC        Enp2IntIn
BL51 BANKED LINKER/LOCATER V6.22                                                      05/27/2020  22:03:02  PAGE 5


  D:00DAH         PUBLIC        USB_MIS_ST
  D:002EH         PUBLIC        SetupReq
  D:00D9H         PUBLIC        USB_INT_ST
  X:0000H         PUBLIC        Ep0Buffer
  X:000AH         PUBLIC        Ep1Buffer
  X:0050H         PUBLIC        Ep2Buffer
  D:00D1H         PUBLIC        UDEV_CTRL
  D:00ECH         PUBLIC        UEP0_DMA
  D:00EEH         PUBLIC        UEP1_DMA
  D:00E4H         PUBLIC        UEP2_DMA
  C:0EDDH         PUBLIC        KeyRepDesc
  C:118FH         PUBLIC        USBDeviceInit
  B:00E8H.2       PUBLIC        IE_USB
  D:002FH         PUBLIC        SetupReqBuf
  D:0080H         PUBLIC        ADC_CTRL
  D:0037H         PUBLIC        HIDMouse
  D:003BH         PUBLIC        pDescr
  D:00C0H         PUBLIC        SCON1
  D:00C8H         PUBLIC        T2CON
  B:00D8H.2       PUBLIC        UIF_SUSPEND
  D:00EBH         PUBLIC        UEP2_3_MOD
  D:00EAH         PUBLIC        UEP4_1_MOD
  D:003EH         PUBLIC        Ready
  D:00D0H         PUBLIC        PSW
  -------         PROC          USBDEVICEINIT
  C:118FH         LINE#         80
  C:118FH         LINE#         81
  C:118FH         LINE#         82
  C:1191H         LINE#         83
  C:1194H         LINE#         84
  C:1197H         LINE#         86
  C:119AH         LINE#         87
  C:119DH         LINE#         93
  C:11A3H         LINE#         94
  C:11ABH         LINE#         95
  C:11AEH         LINE#         96
  C:11B4H         LINE#         97
  C:11B7H         LINE#         98
  C:11BAH         LINE#         99
  C:11C0H         LINE#         100
  C:11C8H         LINE#         101
  C:11CBH         LINE#         103
  C:11CEH         LINE#         104
  C:11D1H         LINE#         105
  C:11D4H         LINE#         106
  C:11D7H         LINE#         107
  C:11DAH         LINE#         108
  C:11DCH         LINE#         109
  -------         ENDPROC       USBDEVICEINIT
  -------         PROC          ENP1INTIN
  C:0046H         LINE#         117
  C:0046H         LINE#         118
  C:0046H         LINE#         119
  C:0059H         LINE#         120
  C:005CH         LINE#         121
  C:005FH         LINE#         122
  -------         ENDPROC       ENP1INTIN
BL51 BANKED LINKER/LOCATER V6.22                                                      05/27/2020  22:03:02  PAGE 6


  -------         PROC          ENP2INTIN
  C:1320H         LINE#         130
  C:1320H         LINE#         131
  C:1320H         LINE#         132
  C:1333H         LINE#         133
  C:1336H         LINE#         134
  C:1339H         LINE#         135
  -------         ENDPROC       ENP2INTIN
  -------         PROC          DEVICEINTERRUPT
  -------         DO            
  D:003FH         SYMBOL        len
  -------         ENDDO         
  C:07BEH         LINE#         140
  C:07CBH         LINE#         142
  C:07CEH         LINE#         144
  C:07D4H         LINE#         145
  C:07D4H         LINE#         146
  C:07F2H         LINE#         147
  C:07F2H         LINE#         148
  C:07F2H         LINE#         149
  C:07F5H         LINE#         151
  C:07FDH         LINE#         152
  C:0800H         LINE#         153
  C:0800H         LINE#         154
  C:0803H         LINE#         156
  C:080BH         LINE#         157
  C:080EH         LINE#         158
  C:0811H         LINE#         159
  C:0811H         LINE#         160
  C:0814H         LINE#         161
  C:081DH         LINE#         162
  C:081DH         LINE#         163
  C:0823H         LINE#         164
  C:082EH         LINE#         165
  C:082EH         LINE#         166
  C:0831H         LINE#         167
  C:0831H         LINE#         168
  C:0834H         LINE#         169
  C:083AH         LINE#         170
  C:0842H         LINE#         171
  C:0842H         LINE#         172
  C:0857H         LINE#         173
  C:0857H         LINE#         174
  C:0857H         LINE#         175
  C:0857H         LINE#         176
  C:0857H         LINE#         177
  C:0857H         LINE#         178
  C:0857H         LINE#         179
  C:0857H         LINE#         180
  C:0857H         LINE#         181
  C:0857H         LINE#         182
  C:0857H         LINE#         183
  C:0857H         LINE#         184
  C:0857H         LINE#         185
  C:0857H         LINE#         186
  C:0857H         LINE#         187
  C:0857H         LINE#         188
BL51 BANKED LINKER/LOCATER V6.22                                                      05/27/2020  22:03:02  PAGE 7


  C:085AH         LINE#         189
  C:085AH         LINE#         190
  C:085AH         LINE#         192
  C:085AH         LINE#         193
  C:088CH         LINE#         194
  C:088CH         LINE#         195
  C:088CH         LINE#         196
  C:089CH         LINE#         197
  C:089CH         LINE#         198
  C:089CH         LINE#         199
  C:08A5H         LINE#         200
  C:08A8H         LINE#         201
  C:08AAH         LINE#         202
  C:08AAH         LINE#         203
  C:08B3H         LINE#         204
  C:08B6H         LINE#         205
  C:08B8H         LINE#         206
  C:08B8H         LINE#         207
  C:08BFH         LINE#         208
  C:08BFH         LINE#         209
  C:08C8H         LINE#         210
  C:08CBH         LINE#         211
  C:08CDH         LINE#         212
  C:08D1H         LINE#         213
  C:08D1H         LINE#         214
  C:08DAH         LINE#         215
  C:08DDH         LINE#         216
  C:08DFH         LINE#         218
  C:08DFH         LINE#         219
  C:08DFH         LINE#         220
  C:08DFH         LINE#         221
  C:08E1H         LINE#         222
  C:08E1H         LINE#         223
  C:08E4H         LINE#         224
  C:08E4H         LINE#         225
  C:08E4H         LINE#         226
  C:08EBH         LINE#         227
  C:08EBH         LINE#         228
  C:08EEH         LINE#         229
  C:08EEH         LINE#         230
  C:08FDH         LINE#         231
  C:090EH         LINE#         232
  C:0915H         LINE#         233
  C:0920H         LINE#         234
  C:0923H         LINE#         235
  C:0923H         LINE#         236
  C:0929H         LINE#         237
  C:092CH         LINE#         238
  C:092CH         LINE#         239
  C:0932H         LINE#         240
  C:093CH         LINE#         241
  C:093CH         LINE#         242
  C:093FH         LINE#         243
  C:093FH         LINE#         244
  C:0942H         LINE#         245
  C:0942H         LINE#         246
  C:0948H         LINE#         247
BL51 BANKED LINKER/LOCATER V6.22                                                      05/27/2020  22:03:02  PAGE 8


  C:094FH         LINE#         248
  C:094FH         LINE#         252
  C:0952H         LINE#         253
  C:0952H         LINE#         254
  C:0955H         LINE#         255
  C:0955H         LINE#         256
  C:0955H         LINE#         257
  C:0955H         LINE#         258
  C:0960H         LINE#         259
  C:0960H         LINE#         260
  C:096EH         LINE#         261
  C:096EH         LINE#         262
  C:096EH         LINE#         263
  C:0976H         LINE#         264
  C:0978H         LINE#         265
  C:0978H         LINE#         266
  C:0980H         LINE#         267
  C:0982H         LINE#         268
  C:0982H         LINE#         269
  C:0985H         LINE#         270
  C:0987H         LINE#         271
  C:0987H         LINE#         272
  C:098AH         LINE#         273
  C:098AH         LINE#         274
  C:098AH         LINE#         275
  C:098AH         LINE#         276
  C:098DH         LINE#         277
  C:098DH         LINE#         278
  C:0990H         LINE#         279
  C:0990H         LINE#         281
  C:0990H         LINE#         282
  C:0990H         LINE#         283
  C:0990H         LINE#         284
  C:0993H         LINE#         285
  C:0993H         LINE#         286
  C:099CH         LINE#         287
  C:099CH         LINE#         288
  C:09ACH         LINE#         289
  C:09ACH         LINE#         290
  C:09B3H         LINE#         291
  C:09B3H         LINE#         293
  C:09B3H         LINE#         295
  C:09B3H         LINE#         296
  C:09B3H         LINE#         297
  C:09B3H         LINE#         298
  C:09B5H         LINE#         300
  C:09B5H         LINE#         301
  C:09B5H         LINE#         302
  C:09B5H         LINE#         303
  C:09B7H         LINE#         304
  C:09BCH         LINE#         305
  C:09BCH         LINE#         306
  C:09CAH         LINE#         307
  C:09CAH         LINE#         308
  C:09E5H         LINE#         309
  C:09E5H         LINE#         310
  C:09E5H         LINE#         311
BL51 BANKED LINKER/LOCATER V6.22                                                      05/27/2020  22:03:02  PAGE 9


  C:09EDH         LINE#         312
  C:09EFH         LINE#         313
  C:09EFH         LINE#         314
  C:09F7H         LINE#         315
  C:09F9H         LINE#         316
  C:09F9H         LINE#         317
  C:0A01H         LINE#         318
  C:0A03H         LINE#         319
  C:0A03H         LINE#         320
  C:0A03H         LINE#         321
  C:0A05H         LINE#         322
  C:0A05H         LINE#         323
  C:0A05H         LINE#         325
  C:0A05H         LINE#         326
  C:0A05H         LINE#         327
  C:0A05H         LINE#         328
  C:0A07H         LINE#         330
  C:0A07H         LINE#         331
  C:0A07H         LINE#         332
  C:0A07H         LINE#         333
  C:0A09H         LINE#         334
  C:0A09H         LINE#         335
  C:0A0EH         LINE#         336
  C:0A10H         LINE#         337
  C:0A17H         LINE#         338
  C:0A17H         LINE#         339
  C:0A1AH         LINE#         340
  C:0A1CH         LINE#         342
  C:0A1CH         LINE#         343
  C:0A1FH         LINE#         344
  C:0A1FH         LINE#         345
  C:0A21H         LINE#         346
  C:0A21H         LINE#         347
  C:0A21H         LINE#         348
  C:0A23H         LINE#         349
  C:0A23H         LINE#         350
  C:0A23H         LINE#         351
  C:0A23H         LINE#         353
  C:0A23H         LINE#         354
  C:0A26H         LINE#         355
  C:0A26H         LINE#         356
  C:0A2BH         LINE#         357
  C:0A2BH         LINE#         358
  C:0A2EH         LINE#         359
  C:0A31H         LINE#         360
  C:0A33H         LINE#         361
  C:0A37H         LINE#         362
  C:0A37H         LINE#         363
  C:0A39H         LINE#         364
  C:0A39H         LINE#         365
  C:0A3BH         LINE#         367
  C:0A3BH         LINE#         368
  C:0A3EH         LINE#         369
  C:0A41H         LINE#         370
  C:0A41H         LINE#         371
  C:0A43H         LINE#         372
  C:0A43H         LINE#         373
BL51 BANKED LINKER/LOCATER V6.22                                                      05/27/2020  22:03:02  PAGE 10


  C:0A4CH         LINE#         374
  C:0A4CH         LINE#         375
  C:0A4CH         LINE#         376
  C:0A5BH         LINE#         377
  C:0A6CH         LINE#         378
  C:0A73H         LINE#         379
  C:0A7EH         LINE#         380
  C:0A81H         LINE#         381
  C:0A84H         LINE#         382
  C:0A86H         LINE#         383
  C:0A86H         LINE#         384
  C:0A8EH         LINE#         385
  C:0A8EH         LINE#         386
  C:0A90H         LINE#         387
  C:0A90H         LINE#         388
  C:0A93H         LINE#         389
  C:0A96H         LINE#         390
  C:0A98H         LINE#         391
  C:0A98H         LINE#         392
  C:0A98H         LINE#         393
  C:0A98H         LINE#         394
  C:0A9BH         LINE#         395
  C:0A9BH         LINE#         396
  C:0A9BH         LINE#         397
  C:0A9BH         LINE#         398
  C:0A9BH         LINE#         401
  C:0A9BH         LINE#         402
  C:0A9BH         LINE#         403
  C:0A9BH         LINE#         406
  C:0A9BH         LINE#         407
  C:0A9BH         LINE#         408
  C:0A9EH         LINE#         409
  C:0A9EH         LINE#         410
  C:0A9EH         LINE#         411
  C:0A9EH         LINE#         412
  C:0A9EH         LINE#         413
  C:0AA0H         LINE#         414
  C:0AA0H         LINE#         415
  C:0AA3H         LINE#         416
  C:0AA3H         LINE#         417
  C:0AA6H         LINE#         418
  C:0AA9H         LINE#         419
  C:0AACH         LINE#         420
  C:0AAFH         LINE#         421
  C:0AB1H         LINE#         422
  C:0AB3H         LINE#         423
  C:0AB5H         LINE#         424
  C:0AB5H         LINE#         425
  C:0AB8H         LINE#         426
  C:0AB8H         LINE#         427
  C:0ABAH         LINE#         428
  C:0ABFH         LINE#         429
  C:0ABFH         LINE#         441
  C:0ABFH         LINE#         442
  C:0AC1H         LINE#         444
  C:0AC1H         LINE#         445
  C:0AC4H         LINE#         447
BL51 BANKED LINKER/LOCATER V6.22                                                      05/27/2020  22:03:02  PAGE 11


  C:0AC4H         LINE#         448
  -------         ENDPROC       DEVICEINTERRUPT
  -------         PROC          _SENDKEYHID
  D:0001H         SYMBOL        Frames
  C:133AH         LINE#         511
  C:133AH         LINE#         512
  C:133AH         LINE#         513
  C:1347H         LINE#         515
  C:134BH         LINE#         516
  C:134BH         LINE#         517
  C:134EH         LINE#         518
  C:1351H         LINE#         526
  C:1351H         LINE#         527
  -------         ENDPROC       _SENDKEYHID
  -------         ENDMOD        COMPOSITEKM

  -------         MODULE        DEBUG
  C:0000H         SYMBOL        _ICE_DUMMY_
  D:0090H         PUBLIC        P1
  D:00B0H         PUBLIC        P3
  C:1069H         PUBLIC        mInitSTDIO
  D:00E8H         PUBLIC        IE_EX
  D:00A8H         PUBLIC        IE
  D:00B8H         PUBLIC        IP
  B:0098H.1       PUBLIC        TI
  D:00B9H         PUBLIC        CLOCK_CFG
  C:136AH         PUBLIC        _mDelaymS
  D:00D8H         PUBLIC        USB_INT_FG
  C:13B8H         PUBLIC        _mDelayuS
  B:00C8H.5       PUBLIC        RCLK
  B:00C8H.4       PUBLIC        TCLK
  D:0087H         PUBLIC        PCON
  D:0098H         PUBLIC        SCON
  D:0089H         PUBLIC        TMOD
  D:0088H         PUBLIC        TCON
  C:1394H         PUBLIC        CfgFsys
  D:00F8H         PUBLIC        SPI0_STAT
  D:008DH         PUBLIC        TH1
  B:0098H.7       PUBLIC        SM0
  B:0098H.6       PUBLIC        SM1
  B:0098H.5       PUBLIC        SM2
  B:0088H.6       PUBLIC        TR1
  D:0080H         PUBLIC        ADC_CTRL
  D:00A1H         PUBLIC        SAFE_MOD
  D:00C0H         PUBLIC        SCON1
  B:0098H.4       PUBLIC        REN
  D:00C9H         PUBLIC        T2MOD
  D:00C8H         PUBLIC        T2CON
  D:00D0H         PUBLIC        PSW
  -------         PROC          CFGFSYS
  C:1394H         LINE#         25
  C:1394H         LINE#         26
  C:1394H         LINE#         33
  C:1397H         LINE#         34
  C:139AH         LINE#         42
  C:13A2H         LINE#         56
  C:13A5H         LINE#         57
BL51 BANKED LINKER/LOCATER V6.22                                                      05/27/2020  22:03:02  PAGE 12


  -------         ENDPROC       CFGFSYS
  -------         PROC          _MDELAYUS
  D:0006H         SYMBOL        n
  C:13B8H         LINE#         66
  C:13B8H         LINE#         67
  C:13B8H         LINE#         79
  C:13BCH         LINE#         80
  C:13BCH         LINE#         81
  C:13BEH         LINE#         102
  C:13C3H         LINE#         103
  C:13C5H         LINE#         104
  -------         ENDPROC       _MDELAYUS
  -------         PROC          _MDELAYMS
  D:0004H         SYMBOL        n
  C:136AH         LINE#         113
  C:136EH         LINE#         114
  C:136EH         LINE#         115
  C:1372H         LINE#         116
  C:1372H         LINE#         123
  C:1379H         LINE#         125
  C:137EH         LINE#         126
  C:1380H         LINE#         127
  -------         ENDPROC       _MDELAYMS
  -------         PROC          MINITSTDIO
  -------         DO            
  D:0010H         SYMBOL        x
  D:0014H         SYMBOL        x2
  -------         ENDDO         
  C:1069H         LINE#         149
  C:1069H         LINE#         150
  C:1069H         LINE#         154
  C:106BH         LINE#         155
  C:106DH         LINE#         156
  C:106FH         LINE#         158
  C:1071H         LINE#         159
  C:1073H         LINE#         160
  C:1076H         LINE#         161
  C:1080H         LINE#         162
  C:1094H         LINE#         163
  C:10ADH         LINE#         164
  C:10B4H         LINE#         165
  C:10C5H         LINE#         167
  C:10CDH         LINE#         168
  C:10D0H         LINE#         169
  C:10D6H         LINE#         170
  C:10D8H         LINE#         171
  C:10DAH         LINE#         172
  C:10DCH         LINE#         173
  -------         ENDPROC       MINITSTDIO
  -------         ENDMOD        DEBUG

  -------         MODULE        UART1
  C:0000H         SYMBOL        _ICE_DUMMY_
  D:0090H         PUBLIC        P1
  D:00B0H         PUBLIC        P3
  C:13C6H         PUBLIC        UART1Init
  D:00E8H         PUBLIC        IE_EX
BL51 BANKED LINKER/LOCATER V6.22                                                      05/27/2020  22:03:02  PAGE 13


  D:00A8H         PUBLIC        IE
  C:13DBH         PUBLIC        _UART1SendByte
  D:00B8H         PUBLIC        IP
  D:00C2H         PUBLIC        SBAUD1
  B:00C0H.0       PUBLIC        U1RI
  B:00C0H.1       PUBLIC        U1TI
  D:00D8H         PUBLIC        USB_INT_FG
  C:0003H         PUBLIC        UART1RcvByte
  D:0098H         PUBLIC        SCON
  D:0088H         PUBLIC        TCON
  B:00C0H.5       PUBLIC        U1SMOD
  D:00F8H         PUBLIC        SPI0_STAT
  B:00C0H.7       PUBLIC        U1SM0
  D:0080H         PUBLIC        ADC_CTRL
  D:00C1H         PUBLIC        SBUF1
  D:00C0H         PUBLIC        SCON1
  D:00C8H         PUBLIC        T2CON
  B:00C0H.4       PUBLIC        U1REN
  D:00D0H         PUBLIC        PSW
  -------         PROC          UART1INIT
  C:13C6H         LINE#         24
  C:13C6H         LINE#         25
  C:13C6H         LINE#         26
  C:13C8H         LINE#         27
  C:13CAH         LINE#         28
  C:13CCH         LINE#         29
  C:13CFH         LINE#         30
  C:13D1H         LINE#         39
  -------         ENDPROC       UART1INIT
  -------         PROC          UART1RCVBYTE
  C:0003H         LINE#         47
  C:0003H         LINE#         48
  C:0003H         LINE#         49
  C:0006H         LINE#         50
  C:0008H         LINE#         51
  C:000AH         LINE#         52
  -------         ENDPROC       UART1RCVBYTE
  -------         PROC          _UART1SENDBYTE
  D:0007H         SYMBOL        SendDat
  C:13DBH         LINE#         61
  C:13DBH         LINE#         62
  C:13DBH         LINE#         63
  C:13DDH         LINE#         64
  C:13E0H         LINE#         65
  C:13E2H         LINE#         66
  -------         ENDPROC       _UART1SENDBYTE
  -------         ENDMOD        UART1

  -------         MODULE        TIMER
  C:0000H         SYMBOL        _ICE_DUMMY_
  D:0090H         PUBLIC        P1
  D:00B0H         PUBLIC        P3
  D:00E8H         PUBLIC        IE_EX
  D:00A8H         PUBLIC        IE
  D:00B8H         PUBLIC        IP
  C:1352H         PUBLIC        _CAP1Init
  C:13A6H         PUBLIC        _CAP2Init
BL51 BANKED LINKER/LOCATER V6.22                                                      05/27/2020  22:03:02  PAGE 14


  D:00CBH         PUBLIC        RCAP2H
  D:00D8H         PUBLIC        USB_INT_FG
  D:00CAH         PUBLIC        RCAP2L
  B:00C8H.1       PUBLIC        C_T2
  B:00C8H.5       PUBLIC        RCLK
  B:00C8H.4       PUBLIC        TCLK
  D:0098H         PUBLIC        SCON
  D:0089H         PUBLIC        TMOD
  D:0088H         PUBLIC        TCON
  D:00F8H         PUBLIC        SPI0_STAT
  B:00C8H.0       PUBLIC        CP_RL2
  D:008CH         PUBLIC        TH0
  D:008DH         PUBLIC        TH1
  D:00CDH         PUBLIC        TH2
  D:008AH         PUBLIC        TL0
  D:008BH         PUBLIC        TL1
  D:00CCH         PUBLIC        TL2
  C:124BH         PUBLIC        _mTimer_x_SetData
  D:0080H         PUBLIC        ADC_CTRL
  C:127DH         PUBLIC        _mTimer_x_ModInit
  B:00C8H.3       PUBLIC        EXEN2
  D:00C0H         PUBLIC        SCON1
  D:00C9H         PUBLIC        T2MOD
  D:00C8H         PUBLIC        T2CON
  C:12FCH         PUBLIC        mTimer0Interrupt
  D:00D0H         PUBLIC        PSW
  -------         PROC          _MTIMER_X_MODINIT
  D:0007H         SYMBOL        x
  D:0005H         SYMBOL        mode
  C:127DH         LINE#         32
  C:127DH         LINE#         33
  C:127DH         LINE#         34
  C:1289H         LINE#         35
  C:129AH         LINE#         36
  C:12A5H         LINE#         37
  C:12A8H         LINE#         38
  C:12AAH         LINE#         39
  -------         ENDPROC       _MTIMER_X_MODINIT
  -------         PROC          _MTIMER_X_SETDATA
  D:0007H         SYMBOL        x
  D:0004H         SYMBOL        dat
  -------         DO            
  D:0004H         SYMBOL        tmp
  -------         ENDDO         
  C:124BH         LINE#         48
  C:124BH         LINE#         49
  C:124BH         LINE#         51
  C:1252H         LINE#         52
  C:125FH         LINE#         53
  C:1269H         LINE#         54
  C:126CH         LINE#         55
  C:1274H         LINE#         56
  C:127CH         LINE#         57
  C:127CH         LINE#         58
  -------         ENDPROC       _MTIMER_X_SETDATA
  -------         PROC          _CAP2INIT
  D:0007H         SYMBOL        mode
BL51 BANKED LINKER/LOCATER V6.22                                                      05/27/2020  22:03:02  PAGE 15


  C:13A6H         LINE#         71
  C:13A6H         LINE#         72
  C:13A6H         LINE#         73
  C:13A8H         LINE#         74
  C:13AAH         LINE#         75
  C:13ACH         LINE#         76
  C:13AEH         LINE#         77
  C:13B0H         LINE#         78
  C:13B7H         LINE#         79
  -------         ENDPROC       _CAP2INIT
  -------         PROC          _CAP1INIT
  D:0007H         SYMBOL        mode
  C:1352H         LINE#         92
  C:1352H         LINE#         93
  C:1352H         LINE#         94
  C:1354H         LINE#         95
  C:1356H         LINE#         96
  C:1358H         LINE#         97
  C:135AH         LINE#         98
  C:1369H         LINE#         99
  -------         ENDPROC       _CAP1INIT
  -------         PROC          MTIMER0INTERRUPT
  C:12FCH         LINE#         106
  C:1309H         LINE#         110
  C:1312H         LINE#         112
  C:1315H         LINE#         115
  -------         ENDPROC       MTIMER0INTERRUPT
  -------         ENDMOD        TIMER

  -------         MODULE        SCANKEY
  C:0000H         SYMBOL        _ICE_DUMMY_
  D:0090H         PUBLIC        P1
  D:00B0H         PUBLIC        P3
  B:00B0H.0       PUBLIC        row1
  B:00B0H.1       PUBLIC        row2
  D:00E8H         PUBLIC        IE_EX
  B:00B0H.2       PUBLIC        row3
  B:00B0H.3       PUBLIC        row4
  D:00A8H         PUBLIC        IE
  D:00B8H         PUBLIC        IP
  C:0F4FH         PUBLIC        scanKeyChange
  D:0054H         PUBLIC        HIDFramesPointer
  D:00D8H         PUBLIC        USB_INT_FG
  D:0098H         PUBLIC        SCON
  D:0088H         PUBLIC        TCON
  D:0055H         PUBLIC        HIDFrames
  C:0ACFH         PUBLIC        makeHIDFrames00
  D:00F8H         PUBLIC        SPI0_STAT
  D:005DH         PUBLIC        beforeAllKey
  C:0CCDH         PUBLIC        makeHIDFrames
  D:0080H         PUBLIC        ADC_CTRL
  D:005FH         PUBLIC        allKey
  D:00C0H         PUBLIC        SCON1
  C:11DDH         PUBLIC        initGPIO
  D:00C8H         PUBLIC        T2CON
  D:0061H         PUBLIC        kCode
  X:0092H         PUBLIC        i
BL51 BANKED LINKER/LOCATER V6.22                                                      05/27/2020  22:03:02  PAGE 16


  X:0093H         PUBLIC        j
  D:0062H         PUBLIC        k
  X:0094H         PUBLIC        keyMap
  D:0063H         PUBLIC        q
  D:00D0H         PUBLIC        PSW
  -------         PROC          INITGPIO
  C:11DDH         LINE#         37
  C:11DDH         LINE#         38
  C:11DDH         LINE#         40
  C:11E4H         LINE#         41
  C:11EBH         LINE#         42
  C:11F2H         LINE#         43
  C:11F9H         LINE#         45
  C:1200H         LINE#         46
  C:1207H         LINE#         47
  C:120EH         LINE#         48
  -------         ENDPROC       INITGPIO
  -------         PROC          MAKEHIDFRAMES
  C:0CCDH         LINE#         51
  C:0CCDH         LINE#         52
  C:0CCDH         LINE#         54
  C:0CD0H         LINE#         55
  C:0CDFH         LINE#         56
  C:0CDFH         LINE#         57
  C:0CE5H         LINE#         58
  C:0CEAH         LINE#         60
  C:0CFCH         LINE#         61
  C:0CFCH         LINE#         63
  C:0D04H         LINE#         64
  C:0D04H         LINE#         65
  C:0D15H         LINE#         66
  C:0D1CH         LINE#         67
  C:0D23H         LINE#         68
  C:0D25H         LINE#         69
  C:0D25H         LINE#         70
  C:0D33H         LINE#         71
  C:0D33H         LINE#         72
  C:0D44H         LINE#         73
  C:0D4BH         LINE#         74
  C:0D52H         LINE#         75
  C:0D54H         LINE#         76
  C:0D54H         LINE#         77
  C:0D64H         LINE#         78
  C:0D64H         LINE#         79
  C:0D75H         LINE#         80
  C:0D7CH         LINE#         81
  C:0D83H         LINE#         82
  C:0D85H         LINE#         83
  C:0D85H         LINE#         84
  C:0D96H         LINE#         85
  C:0D96H         LINE#         86
  C:0DA7H         LINE#         87
  C:0DAEH         LINE#         88
  C:0DB5H         LINE#         89
  C:0DB7H         LINE#         90
  C:0DB7H         LINE#         91
  C:0DC6H         LINE#         92
BL51 BANKED LINKER/LOCATER V6.22                                                      05/27/2020  22:03:02  PAGE 17


  C:0DC6H         LINE#         93
  C:0DD7H         LINE#         94
  C:0DDEH         LINE#         95
  C:0DE5H         LINE#         96
  C:0DE7H         LINE#         97
  C:0DE7H         LINE#         98
  C:0DF7H         LINE#         99
  C:0DF7H         LINE#         100
  C:0E08H         LINE#         101
  C:0E0FH         LINE#         102
  C:0E16H         LINE#         103
  C:0E18H         LINE#         104
  C:0E18H         LINE#         105
  C:0E29H         LINE#         106
  C:0E29H         LINE#         107
  C:0E3AH         LINE#         108
  C:0E41H         LINE#         109
  C:0E48H         LINE#         110
  C:0E4AH         LINE#         111
  C:0E4AH         LINE#         112
  C:0E5DH         LINE#         113
  C:0E5DH         LINE#         114
  C:0E6EH         LINE#         115
  C:0E75H         LINE#         117
  C:0E7CH         LINE#         118
  C:0E7EH         LINE#         119
  C:0E7EH         LINE#         120
  C:0E87H         LINE#         126
  -------         ENDPROC       MAKEHIDFRAMES
  -------         PROC          MAKEHIDFRAMES00
  C:0ACFH         LINE#         129
  C:0ACFH         LINE#         130
  C:0ACFH         LINE#         132
  C:0AD2H         LINE#         133
  C:0AE1H         LINE#         134
  C:0AE1H         LINE#         135
  C:0AE7H         LINE#         136
  C:0AECH         LINE#         137
  C:0AF4H         LINE#         138
  C:0AF4H         LINE#         139
  C:0AF8H         LINE#         140
  C:0AF8H         LINE#         142
  C:0AFDH         LINE#         143
  C:0B0AH         LINE#         145
  C:0B0AH         LINE#         147
  C:0B0AH         LINE#         177
  C:0B1CH         LINE#         178
  C:0B1CH         LINE#         179
  C:0B26H         LINE#         180
  C:0B26H         LINE#         181
  C:0B29H         LINE#         182
  C:0B29H         LINE#         183
  C:0B3AH         LINE#         184
  C:0B41H         LINE#         185
  C:0B48H         LINE#         186
  C:0B4AH         LINE#         187
  C:0B4AH         LINE#         188
BL51 BANKED LINKER/LOCATER V6.22                                                      05/27/2020  22:03:02  PAGE 18


  C:0B58H         LINE#         189
  C:0B58H         LINE#         190
  C:0B69H         LINE#         191
  C:0B70H         LINE#         192
  C:0B77H         LINE#         193
  C:0B79H         LINE#         194
  C:0B79H         LINE#         195
  C:0B89H         LINE#         196
  C:0B89H         LINE#         197
  C:0B9AH         LINE#         198
  C:0BA1H         LINE#         199
  C:0BA8H         LINE#         200
  C:0BAAH         LINE#         201
  C:0BAAH         LINE#         202
  C:0BBBH         LINE#         203
  C:0BBBH         LINE#         204
  C:0BCCH         LINE#         205
  C:0BD3H         LINE#         206
  C:0BDAH         LINE#         207
  C:0BDCH         LINE#         208
  C:0BDCH         LINE#         209
  C:0BEBH         LINE#         210
  C:0BEBH         LINE#         211
  C:0BFCH         LINE#         212
  C:0C03H         LINE#         213
  C:0C0AH         LINE#         214
  C:0C0CH         LINE#         215
  C:0C0CH         LINE#         216
  C:0C1CH         LINE#         217
  C:0C1CH         LINE#         218
  C:0C2DH         LINE#         219
  C:0C34H         LINE#         220
  C:0C3BH         LINE#         221
  C:0C3DH         LINE#         222
  C:0C3DH         LINE#         223
  C:0C4EH         LINE#         224
  C:0C4EH         LINE#         225
  C:0C5FH         LINE#         226
  C:0C66H         LINE#         227
  C:0C6DH         LINE#         228
  C:0C6FH         LINE#         229
  C:0C6FH         LINE#         230
  C:0C82H         LINE#         231
  C:0C82H         LINE#         232
  C:0C93H         LINE#         233
  C:0C9AH         LINE#         235
  C:0CA1H         LINE#         236
  C:0CA3H         LINE#         237
  C:0CA3H         LINE#         272
  C:0CA3H         LINE#         273
  C:0CACH         LINE#         274
  C:0CBBH         LINE#         275
  C:0CBBH         LINE#         277
  C:0CC4H         LINE#         279
  C:0CCCH         LINE#         281
  C:0CCCH         LINE#         282
  -------         ENDPROC       MAKEHIDFRAMES00
BL51 BANKED LINKER/LOCATER V6.22                                                      05/27/2020  22:03:02  PAGE 19


  -------         PROC          SCANKEYCHANGE
  C:0F4FH         LINE#         284
  C:0F4FH         LINE#         285
  C:0F4FH         LINE#         286
  C:0F52H         LINE#         287
  C:0F54H         LINE#         288
  C:0F62H         LINE#         289
  C:0F62H         LINE#         290
  C:0F64H         LINE#         291
  C:0F66H         LINE#         292
  C:0F68H         LINE#         293
  C:0F6AH         LINE#         295
  C:0F78H         LINE#         296
  C:0F78H         LINE#         297
  C:0F78H         LINE#         298
  C:0F7AH         LINE#         299
  C:0F81H         LINE#         300
  C:0F83H         LINE#         301
  C:0F83H         LINE#         302
  C:0F85H         LINE#         303
  C:0F8FH         LINE#         304
  C:0F91H         LINE#         305
  C:0F91H         LINE#         306
  C:0F93H         LINE#         307
  C:0F9AH         LINE#         308
  C:0F9CH         LINE#         309
  C:0F9CH         LINE#         310
  C:0F9EH         LINE#         311
  C:0FA8H         LINE#         312
  C:0FA8H         LINE#         315
  C:0FA8H         LINE#         317
  C:0FB0H         LINE#         319
  C:0FC6H         LINE#         320
  C:0FC6H         LINE#         327
  C:0FD9H         LINE#         331
  C:0FDCH         LINE#         335
  C:0FDCH         LINE#         336
  -------         ENDPROC       SCANKEYCHANGE
  -------         ENDMOD        SCANKEY

  -------         MODULE        GPIO
  C:0000H         SYMBOL        _ICE_DUMMY_
  D:0090H         PUBLIC        P1
  D:00B0H         PUBLIC        P3
  C:12ABH         PUBLIC        GPIOInterrupt
  D:00E8H         PUBLIC        IE_EX
  D:00A8H         PUBLIC        IE
  C:13D2H         PUBLIC        GPIOInterruptCfg
  D:00B8H         PUBLIC        IP
  D:00C7H         PUBLIC        GPIO_IE
  B:00E8H.6       PUBLIC        IE_GPIO
  D:00D8H         PUBLIC        USB_INT_FG
  D:0098H         PUBLIC        SCON
  D:0088H         PUBLIC        TCON
  D:0092H         PUBLIC        P1_MOD_OC
  D:0096H         PUBLIC        P3_MOD_OC
  D:00F8H         PUBLIC        SPI0_STAT
BL51 BANKED LINKER/LOCATER V6.22                                                      05/27/2020  22:03:02  PAGE 20


  D:0093H         PUBLIC        P1_DIR_PU
  D:0097H         PUBLIC        P3_DIR_PU
  D:0080H         PUBLIC        ADC_CTRL
  D:00C0H         PUBLIC        SCON1
  D:00C8H         PUBLIC        T2CON
  C:10DDH         PUBLIC        _Port1Cfg
  C:1136H         PUBLIC        _Port3Cfg
  D:00C6H         PUBLIC        PIN_FUNC
  D:00D0H         PUBLIC        PSW
  -------         PROC          _PORT1CFG
  D:0007H         SYMBOL        Mode
  D:0005H         SYMBOL        Pin
  C:10DDH         LINE#         28
  C:10DDH         LINE#         29
  C:10DDH         LINE#         30
  C:10EBH         LINE#         31
  C:10EBH         LINE#         32
  C:10FAH         LINE#         33
  C:10FCH         LINE#         34
  C:10FDH         LINE#         35
  C:10FDH         LINE#         36
  C:110DH         LINE#         37
  C:110DH         LINE#         38
  C:110FH         LINE#         39
  C:110FH         LINE#         40
  C:111EH         LINE#         41
  C:1122H         LINE#         42
  C:1123H         LINE#         43
  C:1123H         LINE#         44
  C:1132H         LINE#         45
  C:1135H         LINE#         46
  C:1135H         LINE#         47
  C:1135H         LINE#         48
  C:1135H         LINE#         49
  C:1135H         LINE#         50
  -------         ENDPROC       _PORT1CFG
  -------         PROC          _PORT3CFG
  D:0007H         SYMBOL        Mode
  D:0005H         SYMBOL        Pin
  C:1136H         LINE#         63
  C:1136H         LINE#         64
  C:1136H         LINE#         65
  C:1144H         LINE#         66
  C:1144H         LINE#         67
  C:1153H         LINE#         68
  C:1155H         LINE#         69
  C:1156H         LINE#         70
  C:1156H         LINE#         71
  C:1166H         LINE#         72
  C:1166H         LINE#         73
  C:1168H         LINE#         74
  C:1168H         LINE#         75
  C:1177H         LINE#         76
  C:117BH         LINE#         77
  C:117CH         LINE#         78
  C:117CH         LINE#         79
  C:118BH         LINE#         80
BL51 BANKED LINKER/LOCATER V6.22                                                      05/27/2020  22:03:02  PAGE 21


  C:118EH         LINE#         81
  C:118EH         LINE#         82
  C:118EH         LINE#         83
  C:118EH         LINE#         84
  C:118EH         LINE#         85
  -------         ENDPROC       _PORT3CFG
  -------         PROC          GPIOINTERRUPTCFG
  C:13D2H         LINE#         94
  C:13D2H         LINE#         95
  C:13D2H         LINE#         96
  C:13D5H         LINE#         99
  C:13D8H         LINE#         103
  C:13DAH         LINE#         104
  -------         ENDPROC       GPIOINTERRUPTCFG
  -------         PROC          GPIOINTERRUPT
  C:12ABH         LINE#         111
  C:12B8H         LINE#         114
  C:12CAH         LINE#         116
  -------         ENDPROC       GPIOINTERRUPT
  -------         ENDMOD        GPIO

  -------         MODULE        MAIN
  C:0000H         SYMBOL        _ICE_DUMMY_
  D:0090H         PUBLIC        P1
  D:00B0H         PUBLIC        P3
  B:00A8H.7       PUBLIC        EA
  D:00E8H         PUBLIC        IE_EX
  D:00A8H         PUBLIC        IE
  D:00D3H         PUBLIC        UEP1_T_LEN
  D:00D5H         PUBLIC        UEP2_T_LEN
  D:00B8H         PUBLIC        IP
  D:00D8H         PUBLIC        USB_INT_FG
  C:000EH         PUBLIC        main
  D:0098H         PUBLIC        SCON
  D:0088H         PUBLIC        TCON
  D:00F8H         PUBLIC        SPI0_STAT
  B:00A8H.1       PUBLIC        ET0
  B:0088H.4       PUBLIC        TR0
  D:0080H         PUBLIC        ADC_CTRL
  D:00C0H         PUBLIC        SCON1
  D:00C9H         PUBLIC        T2MOD
  D:00C8H         PUBLIC        T2CON
  D:00D0H         PUBLIC        PSW
  -------         PROC          MAIN
  C:000EH         LINE#         13
  C:000EH         LINE#         14
  C:000EH         LINE#         15
  C:0011H         LINE#         16
  C:0018H         LINE#         22
  C:001BH         LINE#         27
  C:001EH         LINE#         28
  C:0025H         LINE#         29
  C:002EH         LINE#         30
  C:0030H         LINE#         31
  C:0032H         LINE#         32
  C:0034H         LINE#         42
  C:0037H         LINE#         43
BL51 BANKED LINKER/LOCATER V6.22                                                      05/27/2020  22:03:02  PAGE 22


  C:0039H         LINE#         44
  C:003CH         LINE#         45
  C:003EH         LINE#         46
  C:0040H         LINE#         50
  C:0040H         LINE#         51
  C:0040H         LINE#         63
  -------         ENDPROC       MAIN
  -------         ENDMOD        MAIN

  -------         MODULE        ?C?COPY
  C:0136H         PUBLIC        ?C?COPY
  -------         ENDMOD        ?C?COPY

  -------         MODULE        ?C?ULDIV
  C:0198H         PUBLIC        ?C?ULDIV
  -------         ENDMOD        ?C?ULDIV

  -------         MODULE        PRINTF
  D:0040H         PUBLIC        ?_PRINTF517?BYTE
  D:0040H         PUBLIC        ?_PRINTF?BYTE
  D:0040H         PUBLIC        ?_SPRINTF517?BYTE
  D:0040H         PUBLIC        ?_SPRINTF?BYTE
  C:04C4H         PUBLIC        _PRINTF
  C:04C4H         PUBLIC        _PRINTF517
  C:04BEH         PUBLIC        _SPRINTF
  C:04BEH         PUBLIC        _SPRINTF517
  -------         ENDMOD        PRINTF

  -------         MODULE        ?C?MEMCMP
  C:03B0H         PUBLIC        ?C?MEMCMP
  -------         ENDMOD        ?C?MEMCMP

  -------         MODULE        ?C?CLDPTR
  C:03D4H         PUBLIC        ?C?CLDPTR
  -------         ENDMOD        ?C?CLDPTR

  -------         MODULE        ?C?CLDOPTR
  C:03EDH         PUBLIC        ?C?CLDOPTR
  -------         ENDMOD        ?C?CLDOPTR

  -------         MODULE        ?C?CSTPTR
  C:041AH         PUBLIC        ?C?CSTPTR
  -------         ENDMOD        ?C?CSTPTR

  -------         MODULE        ?C?PLDIIDATA
  C:042CH         PUBLIC        ?C?PLDIIDATA
  -------         ENDMOD        ?C?PLDIIDATA

  -------         MODULE        ?C?CCASE
  C:043CH         PUBLIC        ?C?CCASE
  -------         ENDMOD        ?C?CCASE

  -------         MODULE        PUTCHAR
  C:12D5H         PUBLIC        _PUTCHAR
  -------         ENDMOD        PUTCHAR

*** WARNING L16: UNCALLED SEGMENT, IGNORED FOR OVERLAY PROCESS
BL51 BANKED LINKER/LOCATER V6.22                                                      05/27/2020  22:03:02  PAGE 23


    SEGMENT: ?PR?ENP2INTIN?COMPOSITEKM

*** WARNING L16: UNCALLED SEGMENT, IGNORED FOR OVERLAY PROCESS
    SEGMENT: ?PR?MINITSTDIO?DEBUG

*** WARNING L16: UNCALLED SEGMENT, IGNORED FOR OVERLAY PROCESS
    SEGMENT: ?PR?UART1INIT?UART1

*** WARNING L16: UNCALLED SEGMENT, IGNORED FOR OVERLAY PROCESS
    SEGMENT: ?PR?UART1RCVBYTE?UART1

*** WARNING L16: UNCALLED SEGMENT, IGNORED FOR OVERLAY PROCESS
    SEGMENT: ?PR?_CAP2INIT?TIMER

*** WARNING L16: UNCALLED SEGMENT, IGNORED FOR OVERLAY PROCESS
    SEGMENT: ?PR?_CAP1INIT?TIMER

*** WARNING L16: UNCALLED SEGMENT, IGNORED FOR OVERLAY PROCESS
    SEGMENT: ?PR?MAKEHIDFRAMES00?SCANKEY

*** WARNING L16: UNCALLED SEGMENT, IGNORED FOR OVERLAY PROCESS
    SEGMENT: ?PR?GPIOINTERRUPTCFG?GPIO

Program Size: data=90.1 xdata=160 code=5087
LINK/LOCATE RUN COMPLETE.  8 WARNING(S),  0 ERROR(S)
